base 2025-10-22 14:20:26 [WARNING] global: Temperature Sensor 1 sensor running in simulation mode.
base 2025-10-22 14:20:26 [WARNING] global: pH Sensor 1 sensor running in simulation mode.
mqtt_client 2025-10-22 14:26:11 [ERROR] global: The connection was interruped by the user
base 2025-10-23 11:11:11 [WARNING] shared.utils.logger: Temperature Sensor 1 sensor running in simulation mode.
base 2025-10-23 11:11:11 [WARNING] shared.utils.logger: pH Sensor 1 sensor running in simulation mode.
session_controller 2025-10-23 11:20:03 [WARNING] shared.utils.logger: No active session to stop
session_controller 2025-10-23 11:38:08 [WARNING] shared.utils.logger: No active session to stop
mqtt_client 2025-10-23 11:46:40 [ERROR] shared.utils.logger: The connection was interruped by the user
base 2025-10-23 11:46:41 [WARNING] shared.utils.logger: Temperature Sensor 1 sensor running in simulation mode.
base 2025-10-23 11:46:41 [WARNING] shared.utils.logger: pH Sensor 1 sensor running in simulation mode.
mqtt_client 2025-10-23 11:49:18 [ERROR] shared.utils.logger: The connection was interruped by the user
base 2025-10-23 11:49:19 [WARNING] shared.utils.logger: Temperature Sensor 1 sensor running in simulation mode.
base 2025-10-23 11:49:19 [WARNING] shared.utils.logger: pH Sensor 1 sensor running in simulation mode.
mqtt_client 2025-10-23 12:55:20 [ERROR] shared.utils.logger: The connection was interruped by the user
base 2025-10-23 12:55:21 [WARNING] shared.utils.logger: Temperature Sensor 1 sensor running in simulation mode.
base 2025-10-23 12:55:21 [WARNING] shared.utils.logger: pH Sensor 1 sensor running in simulation mode.
session_controller 2025-10-23 13:02:03 [WARNING] shared.utils.logger: No active session to stop
mqtt_client 2025-10-23 13:05:49 [ERROR] shared.utils.logger: The connection was interruped by the user
base 2025-10-23 13:05:55 [WARNING] shared.utils.logger: Temperature Sensor 1 sensor running in simulation mode.
base 2025-10-23 13:05:55 [WARNING] shared.utils.logger: pH Sensor 1 sensor running in simulation mode.
mqtt_client 2025-10-23 13:09:47 [ERROR] shared.utils.logger: The connection was interruped by the user
